# Tests that a graph can be created and printed

# Create a graph
created graph1

# Print nodes in graph
graph1 contains: