# Tests that a graph can be created, a single node can be added, and can be printed out

# Create a graph
created graph g2

# Add a single node
added node n1 to g2

# Print node in graph
g2 contains: n1