# test correct output when second character is unknown

loaded graph testSecond

unknown character Bilbao