# test correct output when the start node is unknown

loaded graph testFirst

unknown character Chelsea